
> frontend@0.0.0 test:ci
> ng test --no-watch --browsers=ChromeHeadless --code-coverage

[33mÔØ»[39m Building...
[32mÔ£ö[39m Building...
[1mInitial chunk files[22m                    [2m | [22m[1mNames[22m                               [2m | [22m [1mRaw size[22m
[32mchunk-E4KBHJAD.js[39m                      [2m | [22m[2m-[22m                                   [2m | [22m  [36m1.16 MB[39m[2m | [22m
[32mchunk-RJAEJO67.js[39m                      [2m | [22m[2m-[22m                                   [2m | [22m  [36m1.13 MB[39m[2m | [22m
[32mpolyfills.js[39m                           [2m | [22m[2mpolyfills[22m                           [2m | [22m  [36m1.03 MB[39m[2m | [22m
[32mchunk-XEQLRKVE.js[39m                      [2m | [22m[2m-[22m                                   [2m | [22m[36m242.89 kB[39m[2m | [22m
[32mchunk-RAOLQSHP.js[39m                      [2m | [22m[2m-[22m                                   [2m | [22m[36m231.84 kB[39m[2m | [22m
[32mspec-game-detail.spec.js[39m               [2m | [22m[2mspec-game-detail.spec[22m               [2m | [22m[36m198.65 kB[39m[2m | [22m
[32mchunk-U5TPJ34C.js[39m                      [2m | [22m[2m-[22m                                   [2m | [22m[36m197.79 kB[39m[2m | [22m
[32mchunk-SM7VM5O6.js[39m                      [2m | [22m[2m-[22m                                   [2m | [22m[36m177.76 kB[39m[2m | [22m
[32mchunk-LMZOFNGP.js[39m                      [2m | [22m[2m-[22m                                   [2m | [22m[36m157.07 kB[39m[2m | [22m
[32mchunk-T7JMTBMN.js[39m                      [2m | [22m[2m-[22m                                   [2m | [22m[36m138.38 kB[39m[2m | [22m
[32mchunk-UQUHRDDF.js[39m                      [2m | [22m[2m-[22m                                   [2m | [22m[36m136.09 kB[39m[2m | [22m
[32mchunk-XRBO6YN5.js[39m                      [2m | [22m[2m-[22m                                   [2m | [22m[36m130.87 kB[39m[2m | [22m
[32mspec-app.spec.js[39m                       [2m | [22m[2mspec-app.spec[22m                       [2m | [22m[36m107.32 kB[39m[2m | [22m
[32mchunk-WJZWJA3Y.js[39m                      [2m | [22m[2m-[22m                                   [2m | [22m[36m106.93 kB[39m[2m | [22m
[32mchunk-JAMVBE3L.js[39m                      [2m | [22m[2m-[22m                                   [2m | [22m[36m103.10 kB[39m[2m | [22m
[32mchunk-7XQR3PQZ.js[39m                      [2m | [22m[2m-[22m                                   [2m | [22m [36m96.32 kB[39m[2m | [22m
[32mchunk-VBGLCA66.js[39m                      [2m | [22m[2m-[22m                                   [2m | [22m [36m90.90 kB[39m[2m | [22m
[32mchunk-2EOBICBX.js[39m                      [2m | [22m[2m-[22m                                   [2m | [22m [36m87.76 kB[39m[2m | [22m
[32mchunk-SMXNFNQG.js[39m                      [2m | [22m[2m-[22m                                   [2m | [22m [36m84.72 kB[39m[2m | [22m
[32mchunk-5JR3CPXN.js[39m                      [2m | [22m[2m-[22m                                   [2m | [22m [36m69.87 kB[39m[2m | [22m
[32mspec-home.spec.js[39m                      [2m | [22m[2mspec-home.spec[22m                      [2m | [22m [36m67.38 kB[39m[2m | [22m
[32mjasmine-cleanup-1.js[39m                   [2m | [22m[2mjasmine-cleanup-1[22m                   [2m | [22m [36m67.20 kB[39m[2m | [22m
[32mchunk-PSDDYEF6.js[39m                      [2m | [22m[2m-[22m                                   [2m | [22m [36m64.50 kB[39m[2m | [22m
[32mchunk-46KZEPSI.js[39m                      [2m | [22m[2m-[22m                                   [2m | [22m [36m62.89 kB[39m[2m | [22m
[32mchunk-TVZJ535I.js[39m                      [2m | [22m[2m-[22m                                   [2m | [22m [36m55.86 kB[39m[2m | [22m
[32mchunk-5EDAPCNJ.js[39m                      [2m | [22m[2m-[22m                                   [2m | [22m [36m43.45 kB[39m[2m | [22m
[32mspec-form-select.spec.js[39m               [2m | [22m[2mspec-form-select.spec[22m               [2m | [22m [36m40.51 kB[39m[2m | [22m
[32mchunk-27B22FCK.js[39m                      [2m | [22m[2m-[22m                                   [2m | [22m [36m39.90 kB[39m[2m | [22m
[32mspec-pagination.spec.js[39m                [2m | [22m[2mspec-pagination.spec[22m                [2m | [22m [36m34.92 kB[39m[2m | [22m
[32mspec-auth.guard.spec.js[39m                [2m | [22m[2mspec-auth.guard.spec[22m                [2m | [22m [36m32.87 kB[39m[2m | [22m
[32mchunk-4Y5WSBZX.js[39m                      [2m | [22m[2m-[22m                                   [2m | [22m [36m30.92 kB[39m[2m | [22m
[32mchunk-RFHAUZOO.js[39m                      [2m | [22m[2m-[22m                                   [2m | [22m [36m30.21 kB[39m[2m | [22m
[32mchunk-LJKS2HY5.js[39m                      [2m | [22m[2m-[22m                                   [2m | [22m [36m29.68 kB[39m[2m | [22m
[32mchunk-H7DKREOO.js[39m                      [2m | [22m[2m-[22m                                   [2m | [22m [36m28.48 kB[39m[2m | [22m
[32mchunk-64PIANVV.js[39m                      [2m | [22m[2m-[22m                                   [2m | [22m [36m26.06 kB[39m[2m | [22m
[32mchunk-5SPPOYVP.js[39m                      [2m | [22m[2m-[22m                                   [2m | [22m [36m22.59 kB[39m[2m | [22m
[32mchunk-ML5VJQUY.js[39m                      [2m | [22m[2m-[22m                                   [2m | [22m [36m21.33 kB[39m[2m | [22m
[32mspec-can-deactivate.guard.spec.js[39m      [2m | [22m[2mspec-can-deactivate.guard.spec[22m      [2m | [22m [36m20.90 kB[39m[2m | [22m
[32mchunk-ZB3S2B6Y.js[39m                      [2m | [22m[2m-[22m                                   [2m | [22m [36m20.50 kB[39m[2m | [22m
[32mspec-search-game-card.spec.js[39m          [2m | [22m[2mspec-search-game-card.spec[22m          [2m | [22m [36m19.69 kB[39m[2m | [22m
[32mchunk-UQVDNTIE.js[39m                      [2m | [22m[2m-[22m                                   [2m | [22m [36m19.35 kB[39m[2m | [22m
[32mchunk-YTCAKVUV.js[39m                      [2m | [22m[2m-[22m                                   [2m | [22m [36m18.93 kB[39m[2m | [22m
[32mchunk-ZEYN75FQ.js[39m                      [2m | [22m[2m-[22m                                   [2m | [22m [36m18.45 kB[39m[2m | [22m
[32mchunk-N7F3ZCTG.js[39m                      [2m | [22m[2m-[22m                                   [2m | [22m [36m17.97 kB[39m[2m | [22m
[32mspec-auth-game-flow.integration.spec.js[39m[2m | [22m[2mspec-auth-game-flow.integration.spec[22m[2m | [22m [36m16.58 kB[39m[2m | [22m
[32mspec-validation.service.spec.js[39m        [2m | [22m[2mspec-validation.service.spec[22m        [2m | [22m [36m15.56 kB[39m[2m | [22m
[32mspec-reactive-forms.integration.spec.js[39m[2m | [22m[2mspec-reactive-forms.integration.spec[22m[2m | [22m [36m14.09 kB[39m[2m | [22m
[32mspec-custom.validators.spec.js[39m         [2m | [22m[2mspec-custom.validators.spec[22m         [2m | [22m [36m13.74 kB[39m[2m | [22m
[32mchunk-MJWD25PF.js[39m                      [2m | [22m[2m-[22m                                   [2m | [22m [36m13.59 kB[39m[2m | [22m
[32mchunk-AWBRORYO.js[39m                      [2m | [22m[2m-[22m                                   [2m | [22m [36m13.36 kB[39m[2m | [22m
[32mspec-review-form-modal.spec.js[39m         [2m | [22m[2mspec-review-form-modal.spec[22m         [2m | [22m [36m12.32 kB[39m[2m | [22m
[32mchunk-MA3XTAMW.js[39m                      [2m | [22m[2m-[22m                                   [2m | [22m [36m12.24 kB[39m[2m | [22m
[32mspec-register-form.spec.js[39m             [2m | [22m[2mspec-register-form.spec[22m             [2m | [22m [36m11.52 kB[39m[2m | [22m
[32mspec-login-form.spec.js[39m                [2m | [22m[2mspec-login-form.spec[22m                [2m | [22m [36m11.25 kB[39m[2m | [22m
[32mchunk-R44LLZOA.js[39m                      [2m | [22m[2m-[22m                                   [2m | [22m [36m11.04 kB[39m[2m | [22m
[32mspec-footer.spec.js[39m                    [2m | [22m[2mspec-footer.spec[22m                    [2m | [22m [36m10.06 kB[39m[2m | [22m
[32mspec-interacciones.service.spec.js[39m     [2m | [22m[2mspec-interacciones.service.spec[22m     [2m | [22m  [36m9.90 kB[39m[2m | [22m
[32mspec-loading.service.spec.js[39m           [2m | [22m[2mspec-loading.service.spec[22m           [2m | [22m  [36m9.46 kB[39m[2m | [22m
[32mchunk-RC2YN673.js[39m                      [2m | [22m[2m-[22m                                   [2m | [22m  [36m9.32 kB[39m[2m | [22m
[32mspec-notification.service.spec.js[39m      [2m | [22m[2mspec-notification.service.spec[22m      [2m | [22m  [36m9.01 kB[39m[2m | [22m
[32mspec-auth.service.spec.js[39m              [2m | [22m[2mspec-auth.service.spec[22m              [2m | [22m  [36m8.51 kB[39m[2m | [22m
[32mspec-state.service.spec.js[39m             [2m | [22m[2mspec-state.service.spec[22m             [2m | [22m  [36m8.14 kB[39m[2m | [22m
[32mspec-event-bus.service.spec.js[39m         [2m | [22m[2mspec-event-bus.service.spec[22m         [2m | [22m  [36m7.97 kB[39m[2m | [22m
[32mchunk-457ZE42I.js[39m                      [2m | [22m[2m-[22m                                   [2m | [22m  [36m7.94 kB[39m[2m | [22m
[32mspec-usuarios.service.spec.js[39m          [2m | [22m[2mspec-usuarios.service.spec[22m          [2m | [22m  [36m7.76 kB[39m[2m | [22m
[32mspec-juegos.service.spec.js[39m            [2m | [22m[2mspec-juegos.service.spec[22m            [2m | [22m  [36m7.31 kB[39m[2m | [22m
[32mspec-search-box.spec.js[39m                [2m | [22m[2mspec-search-box.spec[22m                [2m | [22m  [36m6.50 kB[39m[2m | [22m
[32mchunk-HEHCAANS.js[39m                      [2m | [22m[2m-[22m                                   [2m | [22m  [36m6.03 kB[39m[2m | [22m
[32mstyles.css[39m                             [2m | [22m[2mstyles[22m                              [2m | [22m  [36m4.51 kB[39m[2m | [22m
[32mtest_main.js[39m                           [2m | [22m[2mtest_main[22m                           [2m | [22m  [36m4.46 kB[39m[2m | [22m
[32mchunk-A4GQZA6J.js[39m                      [2m | [22m[2m-[22m                                   [2m | [22m  [36m4.38 kB[39m[2m | [22m
[32mspec-game-card.spec.js[39m                 [2m | [22m[2mspec-game-card.spec[22m                 [2m | [22m  [36m3.67 kB[39m[2m | [22m
[32mspec-form-textarea.spec.js[39m             [2m | [22m[2mspec-form-textarea.spec[22m             [2m | [22m  [36m2.98 kB[39m[2m | [22m
[32mspec-header.spec.js[39m                    [2m | [22m[2mspec-header.spec[22m                    [2m | [22m  [36m2.70 kB[39m[2m | [22m
[32mchunk-P527B4AL.js[39m                      [2m | [22m[2m-[22m                                   [2m | [22m  [36m2.50 kB[39m[2m | [22m
[32mspec-platform-badge.spec.js[39m            [2m | [22m[2mspec-platform-badge.spec[22m            [2m | [22m  [36m2.09 kB[39m[2m | [22m
[32mspec-alert.spec.js[39m                     [2m | [22m[2mspec-alert.spec[22m                     [2m | [22m  [36m2.08 kB[39m[2m | [22m
[32mspec-button.spec.js[39m                    [2m | [22m[2mspec-button.spec[22m                    [2m | [22m  [36m1.19 kB[39m[2m | [22m
[32mspec-main.spec.js[39m                      [2m | [22m[2mspec-main.spec[22m                      [2m | [22m[36m949 bytes[39m[2m | [22m
[32mchunk-XRZM3ZOC.js[39m                      [2m | [22m[2m-[22m                                   [2m | [22m[36m936 bytes[39m[2m | [22m
[32mchunk-JN7KU75L.js[39m                      [2m | [22m[2m-[22m                                   [2m | [22m[36m588 bytes[39m[2m | [22m
[32mjasmine-cleanup-0.js[39m                   [2m | [22m[2mjasmine-cleanup-0[22m                   [2m | [22m[36m519 bytes[39m[2m | [22m

[1m [22m                                      [2m | [22m[1mInitial total[22m                       [2m | [22m  [1m6.80 MB[22m

Application bundle generation complete. [3.781 seconds] - 2026-01-14T08:11:11.729Z

[32m14 01 2026 09:11:12.006:INFO [karma-server]: [39mKarma v6.4.4 server started at http://localhost:9876/
[32m14 01 2026 09:11:12.007:INFO [launcher]: [39mLaunching browsers ChromeHeadless with concurrency unlimited
[32m14 01 2026 09:11:12.025:INFO [launcher]: [39mStarting browser ChromeHeadless
[32m14 01 2026 09:11:12.744:INFO [Chrome Headless 143.0.0.0 (Windows 10)]: [39mConnected on socket TxD8XqGViYDBixadAAAB with id 97121663
Chrome Headless 143.0.0.0 (Windows 10): Executed 0 of 556[32m SUCCESS[39m (0 secs / 0 secs)
[1A[2KChrome Headless 143.0.0.0 (Windows 10): Executed 1 of 556[32m SUCCESS[39m (0 secs / 0.009 secs)
[1A[2KChrome Headless 143.0.0.0 (Windows 10): Executed 2 of 556[32m SUCCESS[39m (0 secs / 0.015 secs)
[1A[2KChrome Headless 143.0.0.0 (Windows 10): Executed 3 of 556[32m SUCCESS[39m (0 secs / 0.017 secs)
[1A[2KERROR: [36m'[HTTP Error]', Object{url: '/api/usuarios', status: 401, message: 'No autenticado', technical: 'Http failure response for /api/usuarios: 401 Unauthorized'}[39m
Chrome Headless 143.0.0.0 (Windows 10): Executed 3 of 556[32m SUCCESS[39m (0 secs / 0.017 secs)
ERROR: '[HTTP Error]', Object{url: '/api/usuarios', status: 401, message: 'No autenticado', technical: 'Http failure response for /api/usuarios: 401 Unauthorized'}
[1A[2KChrome Headless 143.0.0.0 (Windows 10): Executed 4 of 556[32m SUCCESS[39m (0 secs / 0.021 secs)
[1A[2KWARN: [36m'Reintentando petici├│n (1/3) en 1000ms'[39m
Chrome Headless 143.0.0.0 (Windows 10): Executed 4 of 556[32m SUCCESS[39m (0 secs / 0.021 secs)
WARN: 'Reintentando petici├│n (1/3) en 1000ms'
[1A[2KWARN: [36m'Spec 'UsuariosService Manejo de errores deber├¡a manejar error de servidor' has no expectations.'[39m
Chrome Headless 143.0.0.0 (Windows 10): Executed 4 of 556[32m SUCCESS[39m (0 secs / 0.021 secs)
WARN: 'Spec 'UsuariosService Manejo de errores deber├¡a manejar error de servidor' has no expectations.'
[1A[2KChrome Headless 143.0.0.0 (Windows 10): Executed 5 of 556[32m SUCCESS[39m (0 secs / 0.024 secs)
[1A[2KChrome Headless 143.0.0.0 (Windows 10): Executed 6 of 556[32m SUCCESS[39m (0 secs / 0.027 secs)
[1A[2KChrome Headless 143.0.0.0 (Windows 10): Executed 7 of 556[32m SUCCESS[39m (0 secs / 0.031 secs)
[1A[2KERROR: [36m'[HTTP Error]', Object{url: '/api/usuarios', status: 409, message: 'El email ya est├í registrado', technical: 'Http failure response for /api/usuarios: 409 Conflict'}[39m
Chrome Headless 143.0.0.0 (Windows 10): Executed 7 of 556[32m SUCCESS[39m (0 secs / 0.031 secs)
ERROR: '[HTTP Error]', Object{url: '/api/usuarios', status: 409, message: 'El email ya est├í registrado', technical: 'Http failure response for /api/usuarios: 409 Conflict'}
[1A[2KChrome Headless 143.0.0.0 (Windows 10): Executed 8 of 556[32m SUCCESS[39m (0 secs / 0.033 secs)
[1A[2KERROR: [36m'[HTTP Error]', Object{url: '/api/usuarios/999', status: 404, message: 'Usuario no encontrado', technical: 'Http failure response for /api/usuarios/999: 404 Not Found'}[39m
Chrome Headless 143.0.0.0 (Windows 10): Executed 8 of 556[32m SUCCESS[39m (0 secs / 0.033 secs)
ERROR: '[HTTP Error]', Object{url: '/api/usuarios/999', status: 404, message: 'Usuario no encontrado', technical: 'Http failure response for /api/usuarios/999: 404 Not Found'}
[1A[2KChrome Headless 143.0.0.0 (Windows 10): Executed 9 of 556[32m SUCCESS[39m (0 secs / 0.036 secs)
[1A[2KChrome Headless 143.0.0.0 (Windows 10): Executed 10 of 556[32m SUCCESS[39m (0 secs / 0.038 secs)
[1A[2KChrome Headless 143.0.0.0 (Windows 10): Executed 11 of 556[32m SUCCESS[39m (0 secs / 0.041 secs)
[1A[2KChrome Headless 143.0.0.0 (Windows 10): Executed 12 of 556[32m SUCCESS[39m (0 secs / 0.043 secs)
[1A[2KChrome Headless 143.0.0.0 (Windows 10): Executed 13 of 556[32m SUCCESS[39m (0 secs / 0.045 secs)
[1A[2KChrome Headless 143.0.0.0 (Windows 10): Executed 14 of 556[32m SUCCESS[39m (0 secs / 0.047 secs)
[1A[2KChrome Headless 143.0.0.0 (Windows 10): Executed 15 of 556[32m SUCCESS[39m (0 secs / 0.048 secs)
[1A[2KChrome Headless 143.0.0.0 (Windows 10): Executed 16 of 556[32m SUCCESS[39m (0 secs / 0.049 secs)
[1A[2KChrome Headless 143.0.0.0 (Windows 10): Executed 17 of 556[32m SUCCESS[39m (0 secs / 0.052 secs)
[1A[2KChrome Headless 143.0.0.0 (Windows 10): Executed 18 of 556[32m SUCCESS[39m (0 secs / 0.055 secs)
[1A[2KChrome Headless 143.0.0.0 (Windows 10): Executed 19 of 556[32m SUCCESS[39m (0 secs / 0.057 secs)
[1A[2KChrome Headless 143.0.0.0 (Windows 10): Executed 20 of 556[32m SUCCESS[39m (0 secs / 0.081 secs)
[1A[2KChrome Headless 143.0.0.0 (Windows 10): Executed 21 of 556[32m SUCCESS[39m (0 secs / 0.083 secs)
[1A[2KChrome Headless 143.0.0.0 (Windows 10): Executed 22 of 556[32m SUCCESS[39m (0 secs / 0.084 secs)
[1A[2KChrome Headless 143.0.0.0 (Windows 10): Executed 23 of 556[32m SUCCESS[39m (0 secs / 0.085 secs)
[1A[2KChrome Headless 143.0.0.0 (Windows 10): Executed 24 of 556[32m SUCCESS[39m (0 secs / 0.086 secs)
[1A[2KChrome Headless 143.0.0.0 (Windows 10): Executed 25 of 556[32m SUCCESS[39m (0 secs / 0.087 secs)
[1A[2KChrome Headless 143.0.0.0 (Windows 10): Executed 26 of 556[32m SUCCESS[39m (0 secs / 0.087 secs)
[1A[2KChrome Headless 143.0.0.0 (Windows 10): Executed 27 of 556[32m SUCCESS[39m (0 secs / 0.087 secs)
[1A[2KChrome Headless 143.0.0.0 (Windows 10): Executed 28 of 556[32m SUCCESS[39m (0 secs / 0.088 secs)
[1A[2KChrome Headless 143.0.0.0 (Windows 10): Executed 29 of 556[32m SUCCESS[39m (0 secs / 0.089 secs)
[1A[2KChrome Headless 143.0.0.0 (Windows 10): Executed 30 of 556[32m SUCCESS[39m (0 secs / 0.09 secs)
[1A[2KChrome Headless 143.0.0.0 (Windows 10): Executed 31 of 556[32m SUCCESS[39m (0 secs / 0.093 secs)
[1A[2KChrome Headless 143.0.0.0 (Windows 10): Executed 32 of 556[32m SUCCESS[39m (0 secs / 0.095 secs)
[1A[2KChrome Headless 143.0.0.0 (Windows 10): Executed 33 of 556[32m SUCCESS[39m (0 secs / 0.096 secs)
[1A[2KChrome Headless 143.0.0.0 (Windows 10): Executed 34 of 556[32m SUCCESS[39m (0 secs / 0.097 secs)
[1A[2KChrome Headless 143.0.0.0 (Windows 10): Executed 35 of 556[32m SUCCESS[39m (0 secs / 0.098 secs)
[1A[2KChrome Headless 143.0.0.0 (Windows 10): Executed 36 of 556[32m SUCCESS[39m (0 secs / 0.099 secs)
[1A[2KChrome Headless 143.0.0.0 (Windows 10): Executed 37 of 556[32m SUCCESS[39m (0 secs / 0.099 secs)
[1A[2KChrome Headless 143.0.0.0 (Windows 10): Executed 38 of 556[32m SUCCESS[39m (0 secs / 0.099 secs)
[1A[2KChrome Headless 143.0.0.0 (Windows 10): Executed 39 of 556[32m SUCCESS[39m (0 secs / 0.102 secs)
[1A[2KChrome Headless 143.0.0.0 (Windows 10): Executed 40 of 556[32m SUCCESS[39m (0 secs / 0.104 secs)
[1A[2KChrome Headless 143.0.0.0 (Windows 10): Executed 41 of 556[32m SUCCESS[39m (0 secs / 0.106 secs)
[1A[2KChrome Headless 143.0.0.0 (Windows 10): Executed 42 of 556[32m SUCCESS[39m (0 secs / 0.147 secs)
[1A[2KChrome Headless 143.0.0.0 (Windows 10): Executed 43 of 556[32m SUCCESS[39m (0 secs / 0.15 secs)
[1A[2KWARN: [36m'Spec 'RegisterForm Checkbox de t├®rminos deber├¡a tener campo de aceptar t├®rminos' has no expectations.'[39m
Chrome Headless 143.0.0.0 (Windows 10): Executed 43 of 556[32m SUCCESS[39m (0 secs / 0.15 secs)
WARN: 'Spec 'RegisterForm Checkbox de t├®rminos deber├¡a tener campo de aceptar t├®rminos' has no expectations.'
[1A[2KChrome Headless 143.0.0.0 (Windows 10): Executed 44 of 556[32m SUCCESS[39m (0 secs / 0.154 secs)
[1A[2KChrome Headless 143.0.0.0 (Windows 10): Executed 45 of 556[32m SUCCESS[39m (0 secs / 0.157 secs)
[1A[2KChrome Headless 143.0.0.0 (Windows 10): Executed 46 of 556[32m SUCCESS[39m (0 secs / 0.16 secs)
[1A[2KChrome Headless 143.0.0.0 (Windows 10): Executed 47 of 556[32m SUCCESS[39m (0 secs / 0.163 secs)
[1A[2KChrome Headless 143.0.0.0 (Windows 10): Executed 48 of 556[32m SUCCESS[39m (0 secs / 0.168 secs)
[1A[2KChrome Headless 143.0.0.0 (Windows 10): Executed 49 of 556[32m SUCCESS[39m (0 secs / 0.171 secs)
[1A[2KChrome Headless 143.0.0.0 (Windows 10): Executed 50 of 556[32m SUCCESS[39m (0 secs / 0.175 secs)
[1A[2KChrome Headless 143.0.0.0 (Windows 10): Executed 51 of 556[32m SUCCESS[39m (0 secs / 0.178 secs)
[1A[2KChrome Headless 143.0.0.0 (Windows 10): Executed 52 of 556[32m SUCCESS[39m (0 secs / 0.181 secs)
[1A[2KChrome Headless 143.0.0.0 (Windows 10): Executed 53 of 556[32m SUCCESS[39m (0 secs / 0.183 secs)
[1A[2KChrome Headless 143.0.0.0 (Windows 10): Executed 54 of 556[32m SUCCESS[39m (0 secs / 0.185 secs)
[1A[2KChrome Headless 143.0.0.0 (Windows 10): Executed 55 of 556[32m SUCCESS[39m (0 secs / 0.187 secs)
[1A[2KChrome Headless 143.0.0.0 (Windows 10): Executed 56 of 556[32m SUCCESS[39m (0 secs / 0.189 secs)
[1A[2KChrome Headless 143.0.0.0 (Windows 10): Executed 57 of 556[32m SUCCESS[39m (0 secs / 0.191 secs)
[1A[2KChrome Headless 143.0.0.0 (Windows 10): Executed 58 of 556[32m SUCCESS[39m (0 secs / 0.192 secs)
[1A[2KChrome Headless 143.0.0.0 (Windows 10): Executed 59 of 556[32m SUCCESS[39m (0 secs / 0.195 secs)
[1A[2KChrome Headless 143.0.0.0 (Windows 10): Executed 60 of 556[32m SUCCESS[39m (0 secs / 0.197 secs)
[1A[2KChrome Headless 143.0.0.0 (Windows 10): Executed 61 of 556[32m SUCCESS[39m (0 secs / 0.199 secs)
[1A[2KChrome Headless 143.0.0.0 (Windows 10): Executed 62 of 556[32m SUCCESS[39m (0 secs / 0.201 secs)
[1A[2KChrome Headless 143.0.0.0 (Windows 10): Executed 63 of 556[32m SUCCESS[39m (0 secs / 0.202 secs)
[1A[2KChrome Headless 143.0.0.0 (Windows 10): Executed 64 of 556[32m SUCCESS[39m (0 secs / 0.204 secs)
[1A[2KChrome Headless 143.0.0.0 (Windows 10): Executed 65 of 556[32m SUCCESS[39m (0 secs / 0.206 secs)
[1A[2KChrome Headless 143.0.0.0 (Windows 10): Executed 66 of 556[32m SUCCESS[39m (0 secs / 0.208 secs)
[1A[2KChrome Headless 143.0.0.0 (Windows 10): Executed 67 of 556[32m SUCCESS[39m (0 secs / 0.21 secs)
[1A[2KChrome Headless 143.0.0.0 (Windows 10): Executed 68 of 556[32m SUCCESS[39m (0 secs / 0.212 secs)
[1A[2KChrome Headless 143.0.0.0 (Windows 10): Executed 69 of 556[32m SUCCESS[39m (0 secs / 0.213 secs)
[1A[2KChrome Headless 143.0.0.0 (Windows 10): Executed 70 of 556[32m SUCCESS[39m (0 secs / 0.214 secs)
[1A[2KChrome Headless 143.0.0.0 (Windows 10): Executed 71 of 556[32m SUCCESS[39m (0 secs / 0.216 secs)
[1A[2KChrome Headless 143.0.0.0 (Windows 10): Executed 72 of 556[32m SUCCESS[39m (0 secs / 0.217 secs)
[1A[2KChrome Headless 143.0.0.0 (Windows 10): Executed 73 of 556[32m SUCCESS[39m (0 secs / 0.218 secs)
[1A[2KChrome Headless 143.0.0.0 (Windows 10): Executed 74 of 556[32m SUCCESS[39m (0 secs / 0.22 secs)
[1A[2KChrome Headless 143.0.0.0 (Windows 10): Executed 75 of 556[32m SUCCESS[39m (0 secs / 0.222 secs)
[1A[2KChrome Headless 143.0.0.0 (Windows 10): Executed 76 of 556[32m SUCCESS[39m (0 secs / 0.223 secs)
[1A[2KChrome Headless 143.0.0.0 (Windows 10): Executed 77 of 556[32m SUCCESS[39m (0 secs / 0.225 secs)
[1A[2KChrome Headless 143.0.0.0 (Windows 10): Executed 78 of 556[32m SUCCESS[39m (0 secs / 0.227 secs)
[1A[2KChrome Headless 143.0.0.0 (Windows 10): Executed 79 of 556[32m SUCCESS[39m (0 secs / 0.228 secs)
[1A[2KChrome Headless 143.0.0.0 (Windows 10): Executed 80 of 556[32m SUCCESS[39m (0 secs / 0.229 secs)
[1A[2KChrome Headless 143.0.0.0 (Windows 10): Executed 81 of 556[32m SUCCESS[39m (0 secs / 0.236 secs)
[1A[2KChrome Headless 143.0.0.0 (Windows 10): Executed 82 of 556[32m SUCCESS[39m (0 secs / 0.238 secs)
[1A[2KChrome Headless 143.0.0.0 (Windows 10): Executed 83 of 556[32m SUCCESS[39m (0 secs / 0.239 secs)
[1A[2KChrome Headless 143.0.0.0 (Windows 10): Executed 84 of 556[32m SUCCESS[39m (0 secs / 0.249 secs)
[1A[2KChrome Headless 143.0.0.0 (Windows 10): Executed 85 of 556[32m SUCCESS[39m (0 secs / 0.251 secs)
[1A[2KChrome Headless 143.0.0.0 (Windows 10): Executed 86 of 556[32m SUCCESS[39m (0 secs / 0.252 secs)
[1A[2KChrome Headless 143.0.0.0 (Windows 10): Executed 87 of 556[32m SUCCESS[39m (0 secs / 0.253 secs)
[1A[2KERROR: [36m'[HTTP Error]', Object{url: '/api/interacciones/usuario/1/juego/999', status: 404, message: 'Not Found', technical: 'Http failure response for /api/interacciones/usuario/1/juego/999: 404 Not Found'}[39m
Chrome Headless 143.0.0.0 (Windows 10): Executed 87 of 556[32m SUCCESS[39m (0 secs / 0.253 secs)
ERROR: '[HTTP Error]', Object{url: '/api/interacciones/usuario/1/juego/999', status: 404, message: 'Not Found', technical: 'Http failure response for /api/interacciones/usuario/1/juego/999: 404 Not Found'}
[1A[2KChrome Headless 143.0.0.0 (Windows 10): Executed 88 of 556[32m SUCCESS[39m (0 secs / 0.254 secs)
[1A[2KChrome Headless 143.0.0.0 (Windows 10): Executed 89 of 556[32m SUCCESS[39m (0 secs / 0.255 secs)
[1A[2KChrome Headless 143.0.0.0 (Windows 10): Executed 90 of 556[32m SUCCESS[39m (0 secs / 0.256 secs)
[1A[2KChrome Headless 143.0.0.0 (Windows 10): Executed 91 of 556[32m SUCCESS[39m (0 secs / 0.256 secs)
[1A[2KChrome Headless 143.0.0.0 (Windows 10): Executed 92 of 556[32m SUCCESS[39m (0 secs / 0.256 secs)
[1A[2KChrome Headless 143.0.0.0 (Windows 10): Executed 93 of 556[32m SUCCESS[39m (0 secs / 0.257 secs)
[1A[2KChrome Headless 143.0.0.0 (Windows 10): Executed 94 of 556[32m SUCCESS[39m (0 secs / 0.258 secs)
[1A[2KChrome Headless 143.0.0.0 (Windows 10): Executed 95 of 556[32m SUCCESS[39m (0 secs / 0.259 secs)
[1A[2KChrome Headless 143.0.0.0 (Windows 10): Executed 96 of 556[32m SUCCESS[39m (0 secs / 0.26 secs)
[1A[2KChrome Headless 143.0.0.0 (Windows 10): Executed 97 of 556[32m SUCCESS[39m (0 secs / 0.261 secs)
[1A[2KChrome Headless 143.0.0.0 (Windows 10): Executed 98 of 556[32m SUCCESS[39m (0 secs / 0.261 secs)
[1A[2KChrome Headless 143.0.0.0 (Windows 10): Executed 99 of 556[32m SUCCESS[39m (0 secs / 0.262 secs)
[1A[2KChrome Headless 143.0.0.0 (Windows 10): Executed 100 of 556[32m SUCCESS[39m (0 secs / 0.263 secs)
[1A[2KChrome Headless 143.0.0.0 (Windows 10): Executed 101 of 556[32m SUCCESS[39m (0 secs / 0.264 secs)
[1A[2KChrome Headless 143.0.0.0 (Windows 10): Executed 102 of 556[32m SUCCESS[39m (0 secs / 0.264 secs)
[1A[2KChrome Headless 143.0.0.0 (Windows 10): Executed 103 of 556[32m SUCCESS[39m (0 secs / 0.265 secs)
[1A[2KChrome Headless 143.0.0.0 (Windows 10): Executed 104 of 556[32m SUCCESS[39m (0 secs / 0.266 secs)
[1A[2KChrome Headless 143.0.0.0 (Windows 10): Executed 105 of 556[32m SUCCESS[39m (0 secs / 0.267 secs)
[1A[2KChrome Headless 143.0.0.0 (Windows 10): Executed 106 of 556[32m SUCCESS[39m (0 secs / 0.268 secs)
[1A[2KChrome Headless 143.0.0.0 (Windows 10): Executed 107 of 556[32m SUCCESS[39m (0 secs / 0.268 secs)
[1A[2KChrome Headless 143.0.0.0 (Windows 10): Executed 108 of 556[32m SUCCESS[39m (0 secs / 0.268 secs)
[1A[2KChrome Headless 143.0.0.0 (Windows 10): Executed 109 of 556[32m SUCCESS[39m (0 secs / 0.269 secs)
[1A[2KChrome Headless 143.0.0.0 (Windows 10): Executed 110 of 556[32m SUCCESS[39m (0 secs / 0.27 secs)
[1A[2KChrome Headless 143.0.0.0 (Windows 10): Executed 111 of 556[32m SUCCESS[39m (0 secs / 0.271 secs)
[1A[2KChrome Headless 143.0.0.0 (Windows 10): Executed 112 of 556[32m SUCCESS[39m (0 secs / 0.272 secs)
[1A[2KChrome Headless 143.0.0.0 (Windows 10): Executed 113 of 556[32m SUCCESS[39m (0 secs / 0.273 secs)
[1A[2KChrome Headless 143.0.0.0 (Windows 10): Executed 114 of 556[32m SUCCESS[39m (0 secs / 0.275 secs)
[1A[2KChrome Headless 143.0.0.0 (Windows 10): Executed 115 of 556[32m SUCCESS[39m (0 secs / 0.276 secs)
[1A[2KChrome Headless 143.0.0.0 (Windows 10): Executed 116 of 556[32m SUCCESS[39m (0 secs / 0.277 secs)
[1A[2KChrome Headless 143.0.0.0 (Windows 10): Executed 117 of 556[32m SUCCESS[39m (0 secs / 0.278 secs)
[1A[2KChrome Headless 143.0.0.0 (Windows 10): Executed 118 of 556[32m SUCCESS[39m (0 secs / 0.279 secs)
[1A[2KERROR: [36m'[HTTP Error]', Object{url: '/api/auth/registro', status: 400, message: 'EMAIL_ALREADY_EXISTS', technical: 'Http failure response for /api/auth/registro: 400 Bad Request'}[39m
Chrome Headless 143.0.0.0 (Windows 10): Executed 118 of 556[32m SUCCESS[39m (0 secs / 0.279 secs)
ERROR: '[HTTP Error]', Object{url: '/api/auth/registro', status: 400, message: 'EMAIL_ALREADY_EXISTS', technical: 'Http failure response for /api/auth/registro: 400 Bad Request'}
[1A[2KChrome Headless 143.0.0.0 (Windows 10): Executed 119 of 556[32m SUCCESS[39m (0 secs / 0.281 secs)
[1A[2KChrome Headless 143.0.0.0 (Windows 10): Executed 120 of 556[32m SUCCESS[39m (0 secs / 0.282 secs)
[1A[2KChrome Headless 143.0.0.0 (Windows 10): Executed 121 of 556[32m SUCCESS[39m (0 secs / 0.283 secs)
[1A[2KChrome Headless 143.0.0.0 (Windows 10): Executed 122 of 556[32m SUCCESS[39m (0 secs / 0.284 secs)
[1A[2KChrome Headless 143.0.0.0 (Windows 10): Executed 123 of 556[32m SUCCESS[39m (0 secs / 0.285 secs)
[1A[2KChrome Headless 143.0.0.0 (Windows 10): Executed 124 of 556[32m SUCCESS[39m (0 secs / 0.286 secs)
[1A[2KChrome Headless 143.0.0.0 (Windows 10): Executed 125 of 556[32m SUCCESS[39m (0 secs / 0.288 secs)
[1A[2KChrome Headless 143.0.0.0 (Windows 10): Executed 126 of 556[32m SUCCESS[39m (0 secs / 0.289 secs)
[1A[2KChrome Headless 143.0.0.0 (Windows 10): Executed 127 of 556[32m SUCCESS[39m (0 secs / 0.289 secs)
[1A[2KERROR: [36m'[HTTP Error]', Object{url: '/api/juegos/999', status: 404, message: 'Juego no encontrado', technical: 'Http failure response for /api/juegos/999: 404 Not Found'}[39m
Chrome Headless 143.0.0.0 (Windows 10): Executed 127 of 556[32m SUCCESS[39m (0 secs / 0.289 secs)
ERROR: '[HTTP Error]', Object{url: '/api/juegos/999', status: 404, message: 'Juego no encontrado', technical: 'Http failure response for /api/juegos/999: 404 Not Found'}
[1A[2KChrome Headless 143.0.0.0 (Windows 10): Executed 128 of 556[32m SUCCESS[39m (0 secs / 0.291 secs)
[1A[2KERROR: [36m'[HTTP Error]', Object{url: '/api/juegos', status: 0, message: 'Error de conexi├│n. Verifica tu conexi├│n a internet.', technical: 'Http failure response for /api/juegos: 0 '}[39m
Chrome Headless 143.0.0.0 (Windows 10): Executed 128 of 556[32m SUCCESS[39m (0 secs / 0.291 secs)
ERROR: '[HTTP Error]', Object{url: '/api/juegos', status: 0, message: 'Error de conexi├│n. Verifica tu conexi├│n a internet.', technical: 'Http failure response for /api/juegos: 0 '}
[1A[2KChrome Headless 143.0.0.0 (Windows 10): Executed 129 of 556[32m SUCCESS[39m (0 secs / 0.292 secs)
[1A[2KWARN: [36m'Reintentando petici├│n (1/3) en 1000ms'[39m
Chrome Headless 143.0.0.0 (Windows 10): Executed 129 of 556[32m SUCCESS[39m (0 secs / 0.292 secs)
WARN: 'Reintentando petici├│n (1/3) en 1000ms'
[1A[2KWARN: [36m'Spec 'JuegosService Manejo de errores deber├¡a manejar error de servidor' has no expectations.'[39m
Chrome Headless 143.0.0.0 (Windows 10): Executed 129 of 556[32m SUCCESS[39m (0 secs / 0.292 secs)
WARN: 'Spec 'JuegosService Manejo de errores deber├¡a manejar error de servidor' has no expectations.'
[1A[2KChrome Headless 143.0.0.0 (Windows 10): Executed 130 of 556[32m SUCCESS[39m (0 secs / 0.293 secs)
[1A[2KChrome Headless 143.0.0.0 (Windows 10): Executed 131 of 556[32m SUCCESS[39m (0 secs / 0.294 secs)
[1A[2KChrome Headless 143.0.0.0 (Windows 10): Executed 132 of 556[32m SUCCESS[39m (0 secs / 0.295 secs)
[1A[2KChrome Headless 143.0.0.0 (Windows 10): Executed 133 of 556[32m SUCCESS[39m (0 secs / 0.297 secs)
[1A[2KChrome Headless 143.0.0.0 (Windows 10): Executed 134 of 556[32m SUCCESS[39m (0 secs / 0.3 secs)
[1A[2KChrome Headless 143.0.0.0 (Windows 10): Executed 135 of 556[32m SUCCESS[39m (0 secs / 0.303 secs)
[1A[2KChrome Headless 143.0.0.0 (Windows 10): Executed 136 of 556[32m SUCCESS[39m (0 secs / 0.305 secs)
[1A[2KERROR: [36m'[HTTP Error]', Object{url: '/api/auth/login', status: 401, message: 'EMAIL_NOT_FOUND', technical: 'Http failure response for /api/auth/login: 401 Unauthorized'}[39m
Chrome Headless 143.0.0.0 (Windows 10): Executed 136 of 556[32m SUCCESS[39m (0 secs / 0.305 secs)
ERROR: '[HTTP Error]', Object{url: '/api/auth/login', status: 401, message: 'EMAIL_NOT_FOUND', technical: 'Http failure response for /api/auth/login: 401 Unauthorized'}
[1A[2KChrome Headless 143.0.0.0 (Windows 10): Executed 137 of 556[32m SUCCESS[39m (0 secs / 0.307 secs)
[1A[2KChrome Headless 143.0.0.0 (Windows 10): Executed 138 of 556[32m SUCCESS[39m (0 secs / 0.309 secs)
[1A[2KChrome Headless 143.0.0.0 (Windows 10): Executed 139 of 556[32m SUCCESS[39m (0 secs / 0.312 secs)
[1A[2KChrome Headless 143.0.0.0 (Windows 10): Executed 140 of 556[32m SUCCESS[39m (0 secs / 0.315 secs)
[1A[2KChrome Headless 143.0.0.0 (Windows 10): Executed 141 of 556[32m SUCCESS[39m (0 secs / 0.316 secs)
[1A[2KChrome Headless 143.0.0.0 (Windows 10): Executed 142 of 556[32m SUCCESS[39m (0 secs / 0.317 secs)
[1A[2KChrome Headless 143.0.0.0 (Windows 10): Executed 143 of 556[32m SUCCESS[39m (0 secs / 0.318 secs)
[1A[2KChrome Headless 143.0.0.0 (Windows 10): Executed 144 of 556[32m SUCCESS[39m (0 secs / 0.319 secs)
[1A[2KChrome Headless 143.0.0.0 (Windows 10): Executed 145 of 556[32m SUCCESS[39m (0 secs / 0.32 secs)
[1A[2KChrome Headless 143.0.0.0 (Windows 10): Executed 146 of 556[32m SUCCESS[39m (0 secs / 0.321 secs)
[1A[2KChrome Headless 143.0.0.0 (Windows 10): Executed 147 of 556[32m SUCCESS[39m (0 secs / 0.322 secs)
[1A[2KChrome Headless 143.0.0.0 (Windows 10): Executed 148 of 556[32m SUCCESS[39m (0 secs / 0.323 secs)
[1A[2KChrome Headless 143.0.0.0 (Windows 10): Executed 149 of 556[32m SUCCESS[39m (0 secs / 0.323 secs)
[1A[2KChrome Headless 143.0.0.0 (Windows 10): Executed 150 of 556[32m SUCCESS[39m (0 secs / 0.324 secs)
[1A[2KChrome Headless 143.0.0.0 (Windows 10): Executed 151 of 556[32m SUCCESS[39m (0 secs / 0.336 secs)
[1A[2KChrome Headless 143.0.0.0 (Windows 10): Executed 152 of 556[32m SUCCESS[39m (0 secs / 0.338 secs)
[1A[2KChrome Headless 143.0.0.0 (Windows 10): Executed 153 of 556[32m SUCCESS[39m (0 secs / 0.342 secs)
[1A[2KChrome Headless 143.0.0.0 (Windows 10): Executed 154 of 556[32m SUCCESS[39m (0 secs / 0.344 secs)
[1A[2KChrome Headless 143.0.0.0 (Windows 10): Executed 155 of 556[32m SUCCESS[39m (0 secs / 0.347 secs)
[1A[2KChrome Headless 143.0.0.0 (Windows 10): Executed 156 of 556[32m SUCCESS[39m (0 secs / 0.351 secs)
[1A[2KChrome Headless 143.0.0.0 (Windows 10): Executed 157 of 556[32m SUCCESS[39m (0 secs / 0.353 secs)
[1A[2KChrome Headless 143.0.0.0 (Windows 10): Executed 158 of 556[32m SUCCESS[39m (0 secs / 0.355 secs)
[1A[2KChrome Headless 143.0.0.0 (Windows 10): Executed 159 of 556[32m SUCCESS[39m (0 secs / 0.357 secs)
[1A[2KChrome Headless 143.0.0.0 (Windows 10): Executed 160 of 556[32m SUCCESS[39m (0 secs / 0.359 secs)
[1A[2KChrome Headless 143.0.0.0 (Windows 10): Executed 161 of 556[32m SUCCESS[39m (0 secs / 0.362 secs)
[1A[2KChrome Headless 143.0.0.0 (Windows 10): Executed 162 of 556[32m SUCCESS[39m (0 secs / 0.365 secs)
[1A[2KChrome Headless 143.0.0.0 (Windows 10): Executed 163 of 556[32m SUCCESS[39m (0 secs / 0.369 secs)
[1A[2KChrome Headless 143.0.0.0 (Windows 10): Executed 164 of 556[32m SUCCESS[39m (0 secs / 0.372 secs)
[1A[2KChrome Headless 143.0.0.0 (Windows 10): Executed 165 of 556[32m SUCCESS[39m (0 secs / 0.374 secs)
[1A[2KChrome Headless 143.0.0.0 (Windows 10): Executed 166 of 556[32m SUCCESS[39m (0 secs / 0.376 secs)
[1A[2KChrome Headless 143.0.0.0 (Windows 10): Executed 167 of 556[32m SUCCESS[39m (0 secs / 0.378 secs)
[1A[2KChrome Headless 143.0.0.0 (Windows 10): Executed 168 of 556[32m SUCCESS[39m (0 secs / 0.381 secs)
[1A[2KChrome Headless 143.0.0.0 (Windows 10): Executed 169 of 556[32m SUCCESS[39m (0 secs / 0.384 secs)
[1A[2KChrome Headless 143.0.0.0 (Windows 10): Executed 170 of 556[32m SUCCESS[39m (0 secs / 0.385 secs)
[1A[2KChrome Headless 143.0.0.0 (Windows 10): Executed 171 of 556[32m SUCCESS[39m (0 secs / 0.386 secs)
[1A[2KChrome Headless 143.0.0.0 (Windows 10): Executed 172 of 556[32m SUCCESS[39m (0 secs / 0.387 secs)
[1A[2KChrome Headless 143.0.0.0 (Windows 10): Executed 173 of 556[32m SUCCESS[39m (0 secs / 0.388 secs)
[1A[2KChrome Headless 143.0.0.0 (Windows 10): Executed 174 of 556[32m SUCCESS[39m (0 secs / 0.389 secs)
[1A[2KChrome Headless 143.0.0.0 (Windows 10): Executed 175 of 556[32m SUCCESS[39m (0 secs / 0.39 secs)
[1A[2KChrome Headless 143.0.0.0 (Windows 10): Executed 176 of 556[32m SUCCESS[39m (0 secs / 0.392 secs)
[1A[2KChrome Headless 143.0.0.0 (Windows 10): Executed 177 of 556[32m SUCCESS[39m (0 secs / 0.394 secs)
[1A[2KChrome Headless 143.0.0.0 (Windows 10): Executed 178 of 556[32m SUCCESS[39m (0 secs / 0.396 secs)
[1A[2KChrome Headless 143.0.0.0 (Windows 10): Executed 179 of 556[32m SUCCESS[39m (0 secs / 0.398 secs)
[1A[2KChrome Headless 143.0.0.0 (Windows 10): Executed 180 of 556[32m SUCCESS[39m (0 secs / 0.399 secs)
[1A[2KChrome Headless 143.0.0.0 (Windows 10): Executed 181 of 556[32m SUCCESS[39m (0 secs / 0.399 secs)
[1A[2KChrome Headless 143.0.0.0 (Windows 10): Executed 182 of 556[32m SUCCESS[39m (0 secs / 0.399 secs)
[1A[2KChrome Headless 143.0.0.0 (Windows 10): Executed 183 of 556[32m SUCCESS[39m (0 secs / 0.399 secs)
[1A[2KChrome Headless 143.0.0.0 (Windows 10): Executed 184 of 556[32m SUCCESS[39m (0 secs / 0.4 secs)
[1A[2KChrome Headless 143.0.0.0 (Windows 10): Executed 185 of 556[32m SUCCESS[39m (0 secs / 0.401 secs)
[1A[2KChrome Headless 143.0.0.0 (Windows 10): Executed 186 of 556[32m SUCCESS[39m (0 secs / 0.402 secs)
[1A[2KChrome Headless 143.0.0.0 (Windows 10): Executed 187 of 556[32m SUCCESS[39m (0 secs / 0.404 secs)
[1A[2KChrome Headless 143.0.0.0 (Windows 10): Executed 188 of 556[32m SUCCESS[39m (0 secs / 0.405 secs)
[1A[2KChrome Headless 143.0.0.0 (Windows 10): Executed 189 of 556[32m SUCCESS[39m (0 secs / 0.406 secs)
[1A[2KChrome Headless 143.0.0.0 (Windows 10): Executed 190 of 556[32m SUCCESS[39m (0 secs / 0.407 secs)
[1A[2KChrome Headless 143.0.0.0 (Windows 10): Executed 191 of 556[32m SUCCESS[39m (0 secs / 0.413 secs)
[1A[2KChrome Headless 143.0.0.0 (Windows 10): Executed 192 of 556[32m SUCCESS[39m (0 secs / 0.414 secs)
[1A[2KChrome Headless 143.0.0.0 (Windows 10): Executed 193 of 556[32m SUCCESS[39m (0 secs / 0.416 secs)
[1A[2KChrome Headless 143.0.0.0 (Windows 10): Executed 194 of 556[32m SUCCESS[39m (0 secs / 0.417 secs)
[1A[2KChrome Headless 143.0.0.0 (Windows 10): Executed 195 of 556[32m SUCCESS[39m (0 secs / 0.426 secs)
[1A[2KChrome Headless 143.0.0.0 (Windows 10): Executed 196 of 556[32m SUCCESS[39m (0 secs / 0.429 secs)
[1A[2KChrome Headless 143.0.0.0 (Windows 10): Executed 197 of 556[32m SUCCESS[39m (0 secs / 0.434 secs)
[1A[2KChrome Headless 143.0.0.0 (Windows 10): Executed 198 of 556[32m SUCCESS[39m (0 secs / 0.436 secs)
[1A[2KChrome Headless 143.0.0.0 (Windows 10): Executed 199 of 556[32m SUCCESS[39m (0 secs / 0.439 secs)
[1A[2KERROR: [36m'[HTTP Error]', Object{url: undefined, status: undefined, message: 'Ha ocurrido un error inesperado.', technical: 'NG0205: Injector has already been destroyed.'}[39m
Chrome Headless 143.0.0.0 (Windows 10): Executed 199 of 556[32m SUCCESS[39m (0 secs / 0.439 secs)
ERROR: '[HTTP Error]', Object{url: undefined, status: undefined, message: 'Ha ocurrido un error inesperado.', technical: 'NG0205: Injector has already been destroyed.'}
[1A[2KERROR: [36m'[HTTP Error]', Object{url: undefined, status: undefined, message: 'Ha ocurrido un error inesperado.', technical: 'NG0205: Injector has already been destroyed.'}[39m
Chrome Headless 143.0.0.0 (Windows 10): Executed 199 of 556[32m SUCCESS[39m (0 secs / 0.439 secs)
ERROR: '[HTTP Error]', Object{url: undefined, status: undefined, message: 'Ha ocurrido un error inesperado.', technical: 'NG0205: Injector has already been destroyed.'}
[1A[2K[31mChrome Headless 143.0.0.0 (Windows 10) ValidationService Concurrencia deber├¡a manejar m├║ltiples llamadas simult├íneas FAILED[39m
	Expected 0 to be 3.
	    at <Jasmine>
	    at UserContext.<anonymous> (src/app/validators/validation.service.spec.ts:461:27)
	    at _ZoneDelegate.invoke (node_modules/zone.js/fesm2015/zone.js:398:28)
	    at _ProxyZoneSpec.onInvoke (node_modules/zone.js/fesm2015/zone-testing.js:2132:39)
	    at _ZoneDelegate.invoke (node_modules/zone.js/fesm2015/zone.js:397:34)
	Error: An asynchronous spec, beforeEach, or afterEach function called its 'done' callback more than once.
	(in spec: NotificationService show deber├¡a permitir configuraci├│n personalizada)
	    at <Jasmine>
	    at Object.next (src/app/services/notification.service.spec.ts:83:9)
	    at ConsumerObserver.next (node_modules/rxjs/src/internal/Subscriber.ts:155:25)
	    at SafeSubscriber._next (node_modules/rxjs/src/internal/Subscriber.ts:113:22)
	    at SafeSubscriber.next (node_modules/rxjs/src/internal/Subscriber.ts:71:12)
	    at node_modules/rxjs/src/internal/Subject.ts:67:20
	    at errorContext (node_modules/rxjs/src/internal/util/errorContext.ts:29:5)
	    at BehaviorSubject.next (node_modules/rxjs/src/internal/Subject.ts:60:5)
	Uncaught TypeError: Cannot read properties of undefined (reading 'position') thrown
	Error: An asynchronous spec, beforeEach, or afterEach function called its 'done' callback more than once.
	(in spec: NotificationService show deber├¡a mostrar una notificaci├│n)
	    at <Jasmine>
	    at Object.next (src/app/services/notification.service.spec.ts:46:9)
	    at ConsumerObserver.next (node_modules/rxjs/src/internal/Subscriber.ts:155:25)
	    at SafeSubscriber._next (node_modules/rxjs/src/internal/Subscriber.ts:113:22)
	    at SafeSubscriber.next (node_modules/rxjs/src/internal/Subscriber.ts:71:12)
	    at node_modules/rxjs/src/internal/Subject.ts:67:20
	    at errorContext (node_modules/rxjs/src/internal/util/errorContext.ts:29:5)
	    at BehaviorSubject.next (node_modules/rxjs/src/internal/Subject.ts:60:5)
	Error: An asynchronous spec, beforeEach, or afterEach function called its 'done' callback more than once.
	(in spec: NotificationService show deber├¡a permitir t├¡tulo opcional)
	    at <Jasmine>
	    at Object.next (src/app/services/notification.service.spec.ts:96:9)
	    at ConsumerObserver.next (node_modules/rxjs/src/internal/Subscriber.ts:155:25)
	    at SafeSubscriber._next (node_modules/rxjs/src/internal/Subscriber.ts:113:22)
	    at SafeSubscriber.next (node_modules/rxjs/src/internal/Subscriber.ts:71:12)
	    at node_modules/rxjs/src/internal/Subject.ts:67:20
	    at errorContext (node_modules/rxjs/src/internal/util/errorContext.ts:29:5)
	    at BehaviorSubject.next (node_modules/rxjs/src/internal/Subject.ts:60:5)
	Error: An asynchronous spec, beforeEach, or afterEach function called its 'done' callback more than once.
	(in spec: NotificationService show deber├¡a aplicar configuraci├│n por defecto)
	    at <Jasmine>
	    at Object.next (src/app/services/notification.service.spec.ts:65:9)
	    at ConsumerObserver.next (node_modules/rxjs/src/internal/Subscriber.ts:155:25)
	    at SafeSubscriber._next (node_modules/rxjs/src/internal/Subscriber.ts:113:22)
	    at SafeSubscriber.next (node_modules/rxjs/src/internal/Subscriber.ts:71:12)
	    at node_modules/rxjs/src/internal/Subject.ts:67:20
	    at errorContext (node_modules/rxjs/src/internal/util/errorContext.ts:29:5)
	    at BehaviorSubject.next (node_modules/rxjs/src/internal/Subject.ts:60:5)
	Error: An asynchronous spec, beforeEach, or afterEach function called its 'done' callback more than once.
	(in spec: NotificationService Estados de notificaci├│n deber├¡a marcar notificaci├│n como visible al crear)
	    at <Jasmine>
	    at Object.next (src/app/services/notification.service.spec.ts:288:9)
	    at ConsumerObserver.next (node_modules/rxjs/src/internal/Subscriber.ts:155:25)
	    at SafeSubscriber._next (node_modules/rxjs/src/internal/Subscriber.ts:113:22)
	    at SafeSubscriber.next (node_modules/rxjs/src/internal/Subscriber.ts:71:12)
	    at node_modules/rxjs/src/internal/Subject.ts:67:20
	    at errorContext (node_modules/rxjs/src/internal/util/errorContext.ts:29:5)
	    at BehaviorSubject.next (node_modules/rxjs/src/internal/Subject.ts:60:5)
	Error: An asynchronous spec, beforeEach, or afterEach function called its 'done' callback more than once.
	(in spec: NotificationService M├®todos de conveniencia success() deber├¡a aceptar t├¡tulo opcional)
	    at <Jasmine>
	    at Object.next (src/app/services/notification.service.spec.ts:147:9)
	    at ConsumerObserver.next (node_modules/rxjs/src/internal/Subscriber.ts:155:25)
	    at SafeSubscriber._next (node_modules/rxjs/src/internal/Subscriber.ts:113:22)
	    at SafeSubscriber.next (node_modules/rxjs/src/internal/Subscriber.ts:71:12)
	    at node_modules/rxjs/src/internal/Subject.ts:67:20
	    at errorContext (node_modules/rxjs/src/internal/util/errorContext.ts:29:5)
	    at BehaviorSubject.next (node_modules/rxjs/src/internal/Subject.ts:60:5)
	Error: An asynchronous spec, beforeEach, or afterEach function called its 'done' callback more than once.
	(in spec: NotificationService M├®todos de conveniencia success() deber├¡a crear notificaci├│n de ├®xito)
	    at <Jasmine>
	    at Object.next (src/app/services/notification.service.spec.ts:108:9)
	    at ConsumerObserver.next (node_modules/rxjs/src/internal/Subscriber.ts:155:25)
	    at SafeSubscriber._next (node_modules/rxjs/src/internal/Subscriber.ts:113:22)
	    at SafeSubscriber.next (node_modules/rxjs/src/internal/Subscriber.ts:71:12)
	    at node_modules/rxjs/src/internal/Subject.ts:67:20
	    at errorContext (node_modules/rxjs/src/internal/util/errorContext.ts:29:5)
	    at BehaviorSubject.next (node_modules/rxjs/src/internal/Subject.ts:60:5)
	Error: An asynchronous spec, beforeEach, or afterEach function called its 'done' callback more than once.
	(in spec: NotificationService M├®todos de conveniencia info() deber├¡a crear notificaci├│n informativa)
	    at <Jasmine>
	    at Object.next (src/app/services/notification.service.spec.ts:138:9)
	    at ConsumerObserver.next (node_modules/rxjs/src/internal/Subscriber.ts:155:25)
	    at SafeSubscriber._next (node_modules/rxjs/src/internal/Subscriber.ts:113:22)
	    at SafeSubscriber.next (node_modules/rxjs/src/internal/Subscriber.ts:71:12)
	    at node_modules/rxjs/src/internal/Subject.ts:67:20
	    at errorContext (node_modules/rxjs/src/internal/util/errorContext.ts:29:5)
	    at BehaviorSubject.next (node_modules/rxjs/src/internal/Subject.ts:60:5)
	Error: An asynchronous spec, beforeEach, or afterEach function called its 'done' callback more than once.
	(in spec: NotificationService M├®todos de conveniencia error() deber├¡a crear notificaci├│n de error)
	    at <Jasmine>
	    at Object.next (src/app/services/notification.service.spec.ts:118:9)
	    at ConsumerObserver.next (node_modules/rxjs/src/internal/Subscriber.ts:155:25)
	    at SafeSubscriber._next (node_modules/rxjs/src/internal/Subscriber.ts:113:22)
	    at SafeSubscriber.next (node_modules/rxjs/src/internal/Subscriber.ts:71:12)
	    at node_modules/rxjs/src/internal/Subject.ts:67:20
	    at errorContext (node_modules/rxjs/src/internal/util/errorContext.ts:29:5)
	    at BehaviorSubject.next (node_modules/rxjs/src/internal/Subject.ts:60:5)
	Error: An asynchronous spec, beforeEach, or afterEach function called its 'done' callback more than once.
	(in spec: NotificationService M├®todos de conveniencia warning() deber├¡a crear notificaci├│n de advertencia)
	    at <Jasmine>
	    at Object.next (src/app/services/notification.service.spec.ts:128:9)
	    at ConsumerObserver.next (node_modules/rxjs/src/internal/Subscriber.ts:155:25)
	    at SafeSubscriber._next (node_modules/rxjs/src/internal/Subscriber.ts:113:22)
	    at SafeSubscriber.next (node_modules/rxjs/src/internal/Subscriber.ts:71:12)
	    at node_modules/rxjs/src/internal/Subject.ts:67:20
	    at errorContext (node_modules/rxjs/src/internal/util/errorContext.ts:29:5)
	    at BehaviorSubject.next (node_modules/rxjs/src/internal/Subject.ts:60:5)
	Error: Timeout - Async function did not complete within 5000ms (set by jasmine.DEFAULT_TIMEOUT_INTERVAL)
	    at <Jasmine>
	Error: Expected no open requests, found 3: GET /api/auth/check-email?email=email1@test.com, GET /api/auth/check-email?email=email2@test.com, GET /api/auth/check-email?email=email3@test.com
	    at _HttpClientTestingBackend.verify (http://localhost:9876/darwin_arm64-fastbuild-ST-199a4f3c4e20/bin/packages/common/http/testing/src/backend.ts:147:13)
	    at UserContext.<anonymous> (src/app/validators/validation.service.spec.ts:31:14)
	    at _ZoneDelegate.invoke (node_modules/zone.js/fesm2015/zone.js:398:28)
	    at _ProxyZoneSpec.onInvoke (node_modules/zone.js/fesm2015/zone-testing.js:2132:39)
	    at _ZoneDelegate.invoke (node_modules/zone.js/fesm2015/zone.js:397:34)
	    at ZoneImpl.run (node_modules/zone.js/fesm2015/zone.js:113:43)
	    at runInTestZone (node_modules/zone.js/fesm2015/zone-testing.js:216:38)
	    at UserContext.<anonymous> (node_modules/zone.js/fesm2015/zone-testing.js:234:32)
	    at <Jasmine>
Chrome Headless 143.0.0.0 (Windows 10): Executed 200 of 556[31m (1 FAILED)[39m (0 secs / 5.498 secs)
[1A[2KChrome Headless 143.0.0.0 (Windows 10): Executed 201 of 556[31m (1 FAILED)[39m (0 secs / 5.502 secs)
[1A[2KChrome Headless 143.0.0.0 (Windows 10): Executed 202 of 556[31m (1 FAILED)[39m (0 secs / 5.505 secs)
[1A[2KChrome Headless 143.0.0.0 (Windows 10): Executed 203 of 556[31m (1 FAILED)[39m (0 secs / 5.507 secs)
[1A[2KChrome Headless 143.0.0.0 (Windows 10): Executed 204 of 556[31m (1 FAILED)[39m (0 secs / 5.509 secs)
[1A[2KChrome Headless 143.0.0.0 (Windows 10): Executed 205 of 556[31m (1 FAILED)[39m (0 secs / 5.512 secs)
[1A[2KChrome Headless 143.0.0.0 (Windows 10): Executed 206 of 556[31m (1 FAILED)[39m (0 secs / 5.514 secs)
[1A[2KChrome Headless 143.0.0.0 (Windows 10): Executed 207 of 556[31m (1 FAILED)[39m (0 secs / 5.515 secs)
[1A[2KChrome Headless 143.0.0.0 (Windows 10): Executed 208 of 556[31m (1 FAILED)[39m (0 secs / 5.516 secs)
[1A[2KChrome Headless 143.0.0.0 (Windows 10): Executed 209 of 556[31m (1 FAILED)[39m (0 secs / 5.517 secs)
[1A[2KChrome Headless 143.0.0.0 (Windows 10): Executed 210 of 556[31m (1 FAILED)[39m (0 secs / 5.518 secs)
[1A[2KChrome Headless 143.0.0.0 (Windows 10): Executed 211 of 556[31m (1 FAILED)[39m (0 secs / 5.519 secs)
[1A[2KChrome Headless 143.0.0.0 (Windows 10): Executed 212 of 556[31m (1 FAILED)[39m (0 secs / 5.52 secs)
[1A[2KChrome Headless 143.0.0.0 (Windows 10): Executed 213 of 556[31m (1 FAILED)[39m (0 secs / 5.521 secs)
[1A[2KChrome Headless 143.0.0.0 (Windows 10): Executed 214 of 556[31m (1 FAILED)[39m (0 secs / 5.522 secs)
[1A[2KChrome Headless 143.0.0.0 (Windows 10): Executed 215 of 556[31m (1 FAILED)[39m (0 secs / 5.523 secs)
[1A[2KChrome Headless 143.0.0.0 (Windows 10): Executed 216 of 556[31m (1 FAILED)[39m (0 secs / 5.524 secs)
[1A[2KChrome Headless 143.0.0.0 (Windows 10): Executed 217 of 556[31m (1 FAILED)[39m (0 secs / 5.525 secs)
[1A[2KChrome Headless 143.0.0.0 (Windows 10): Executed 218 of 556[31m (1 FAILED)[39m (0 secs / 5.527 secs)
[1A[2KChrome Headless 143.0.0.0 (Windows 10): Executed 219 of 556[31m (1 FAILED)[39m (0 secs / 5.528 secs)
[1A[2KChrome Headless 143.0.0.0 (Windows 10): Executed 220 of 556[31m (1 FAILED)[39m (0 secs / 5.529 secs)
[1A[2KChrome Headless 143.0.0.0 (Windows 10): Executed 221 of 556[31m (1 FAILED)[39m (0 secs / 5.53 secs)
[1A[2KChrome Headless 143.0.0.0 (Windows 10): Executed 222 of 556[31m (1 FAILED)[39m (0 secs / 5.53 secs)
[1A[2KChrome Headless 143.0.0.0 (Windows 10): Executed 223 of 556[31m (1 FAILED)[39m (0 secs / 5.546 secs)
[1A[2KChrome Headless 143.0.0.0 (Windows 10): Executed 224 of 556[31m (1 FAILED)[39m (0 secs / 5.549 secs)
[1A[2KChrome Headless 143.0.0.0 (Windows 10): Executed 225 of 556[31m (1 FAILED)[39m (0 secs / 5.551 secs)
[1A[2KChrome Headless 143.0.0.0 (Windows 10): Executed 226 of 556[31m (1 FAILED)[39m (0 secs / 5.553 secs)
[1A[2KChrome Headless 143.0.0.0 (Windows 10): Executed 227 of 556[31m (1 FAILED)[39m (0 secs / 5.556 secs)
[1A[2KChrome Headless 143.0.0.0 (Windows 10): Executed 228 of 556[31m (1 FAILED)[39m (0 secs / 5.559 secs)
[1A[2KChrome Headless 143.0.0.0 (Windows 10): Executed 229 of 556[31m (1 FAILED)[39m (0 secs / 5.563 secs)
[1A[2KChrome Headless 143.0.0.0 (Windows 10): Executed 230 of 556[31m (1 FAILED)[39m (0 secs / 5.566 secs)
[1A[2KChrome Headless 143.0.0.0 (Windows 10): Executed 231 of 556[31m (1 FAILED)[39m (0 secs / 5.57 secs)
[1A[2KChrome Headless 143.0.0.0 (Windows 10): Executed 232 of 556[31m (1 FAILED)[39m (0 secs / 5.573 secs)
[1A[2KChrome Headless 143.0.0.0 (Windows 10): Executed 233 of 556[31m (1 FAILED)[39m (0 secs / 5.575 secs)
[1A[2KChrome Headless 143.0.0.0 (Windows 10): Executed 234 of 556[31m (1 FAILED)[39m (0 secs / 5.577 secs)
[1A[2KChrome Headless 143.0.0.0 (Windows 10): Executed 235 of 556[31m (1 FAILED)[39m (0 secs / 5.578 secs)
[1A[2KChrome Headless 143.0.0.0 (Windows 10): Executed 236 of 556[31m (1 FAILED)[39m (0 secs / 5.579 secs)
[1A[2KChrome Headless 143.0.0.0 (Windows 10): Executed 237 of 556[31m (1 FAILED)[39m (0 secs / 5.581 secs)
[1A[2KChrome Headless 143.0.0.0 (Windows 10): Executed 238 of 556[31m (1 FAILED)[39m (0 secs / 5.583 secs)
[1A[2KChrome Headless 143.0.0.0 (Windows 10): Executed 239 of 556[31m (1 FAILED)[39m (0 secs / 5.585 secs)
[1A[2KChrome Headless 143.0.0.0 (Windows 10): Executed 240 of 556[31m (1 FAILED)[39m (0 secs / 5.587 secs)
[1A[2KChrome Headless 143.0.0.0 (Windows 10): Executed 241 of 556[31m (1 FAILED)[39m (0 secs / 5.589 secs)
[1A[2KChrome Headless 143.0.0.0 (Windows 10): Executed 242 of 556[31m (1 FAILED)[39m (0 secs / 5.591 secs)
[1A[2KChrome Headless 143.0.0.0 (Windows 10): Executed 243 of 556[31m (1 FAILED)[39m (0 secs / 5.592 secs)
[1A[2KChrome Headless 143.0.0.0 (Windows 10): Executed 244 of 556[31m (1 FAILED)[39m (0 secs / 5.594 secs)
[1A[2KChrome Headless 143.0.0.0 (Windows 10): Executed 245 of 556[31m (1 FAILED)[39m (0 secs / 5.595 secs)
[1A[2KChrome Headless 143.0.0.0 (Windows 10): Executed 246 of 556[31m (1 FAILED)[39m (0 secs / 5.597 secs)
[1A[2KChrome Headless 143.0.0.0 (Windows 10): Executed 247 of 556[31m (1 FAILED)[39m (0 secs / 5.599 secs)
[1A[2KChrome Headless 143.0.0.0 (Windows 10): Executed 248 of 556[31m (1 FAILED)[39m (0 secs / 5.6 secs)
[1A[2KChrome Headless 143.0.0.0 (Windows 10): Executed 249 of 556[31m (1 FAILED)[39m (0 secs / 5.646 secs)
[1A[2KChrome Headless 143.0.0.0 (Windows 10): Executed 250 of 556[31m (1 FAILED)[39m (0 secs / 5.65 secs)
[1A[2K[31mChrome Headless 143.0.0.0 (Windows 10) App ngOnInit deber├¡a suscribirse a eventos de modal FAILED[39m
	TypeError: Cannot read properties of undefined (reading 'subscribe')
	    at SpinnerComponent2.ngOnInit (src/app/components/shared/spinner/spinner.ts:84:60)
	    at callHookInternal (http://localhost:9876/darwin_arm64-fastbuild-ST-199a4f3c4e20/bin/packages/core/src/render3/hooks.ts:290:10)
	    at callHook (http://localhost:9876/darwin_arm64-fastbuild-ST-199a4f3c4e20/bin/packages/core/src/render3/hooks.ts:319:7)
	    at callHooks (http://localhost:9876/darwin_arm64-fastbuild-ST-199a4f3c4e20/bin/packages/core/src/render3/hooks.ts:270:9)
	    at executeInitAndCheckHooks (http://localhost:9876/darwin_arm64-fastbuild-ST-199a4f3c4e20/bin/packages/core/src/render3/hooks.ts:205:5)
	    at refreshView (http://localhost:9876/darwin_arm64-fastbuild-ST-199a4f3c4e20/bin/packages/core/src/render3/instructions/change_detection.ts:249:11)
	    at detectChangesInView (http://localhost:9876/darwin_arm64-fastbuild-ST-199a4f3c4e20/bin/packages/core/src/render3/instructions/change_detection.ts:495:5)
	    at detectChangesInViewIfAttached (http://localhost:9876/darwin_arm64-fastbuild-ST-199a4f3c4e20/bin/packages/core/src/render3/instructions/change_detection.ts:443:3)
	    at detectChangesInComponent (http://localhost:9876/darwin_arm64-fastbuild-ST-199a4f3c4e20/bin/packages/core/src/render3/instructions/change_detection.ts:429:3)
	    at detectChangesInChildComponents (http://localhost:9876/darwin_arm64-fastbuild-ST-199a4f3c4e20/bin/packages/core/src/render3/instructions/change_detection.ts:524:5)
Chrome Headless 143.0.0.0 (Windows 10): Executed 251 of 556[31m (2 FAILED)[39m (0 secs / 5.655 secs)
[1A[2KChrome Headless 143.0.0.0 (Windows 10): Executed 252 of 556[31m (2 FAILED)[39m (0 secs / 5.659 secs)
[1A[2KChrome Headless 143.0.0.0 (Windows 10): Executed 253 of 556[31m (2 FAILED)[39m (0 secs / 5.666 secs)
[1A[2K[31mChrome Headless 143.0.0.0 (Windows 10) App Modal de Login deber├¡a emitir evento al cerrar modal de login FAILED[39m
	TypeError: Cannot read properties of undefined (reading 'message')
	    at Object.next (src/app/services/notification.service.spec.ts:44:33)
	    at ConsumerObserver.next (node_modules/rxjs/src/internal/Subscriber.ts:155:25)
	    at SafeSubscriber._next (node_modules/rxjs/src/internal/Subscriber.ts:113:22)
	    at SafeSubscriber.next (node_modules/rxjs/src/internal/Subscriber.ts:71:12)
	    at node_modules/rxjs/src/internal/Subject.ts:67:20
	    at errorContext (node_modules/rxjs/src/internal/util/errorContext.ts:29:5)
	    at BehaviorSubject.next (node_modules/rxjs/src/internal/Subject.ts:60:5)
	    at BehaviorSubject.next (node_modules/rxjs/src/internal/BehaviorSubject.ts:35:11)
	    at src/app/services/notification.service.ts:138:34
	    at timer (node_modules/zone.js/fesm2015/zone.js:1809:37)
	TypeError: Cannot read properties of undefined (reading 'title')
	    at Object.next (src/app/services/notification.service.spec.ts:95:33)
	    at ConsumerObserver.next (node_modules/rxjs/src/internal/Subscriber.ts:155:25)
	    at SafeSubscriber._next (node_modules/rxjs/src/internal/Subscriber.ts:113:22)
	    at SafeSubscriber.next (node_modules/rxjs/src/internal/Subscriber.ts:71:12)
	    at node_modules/rxjs/src/internal/Subject.ts:67:20
	    at errorContext (node_modules/rxjs/src/internal/util/errorContext.ts:29:5)
	    at BehaviorSubject.next (node_modules/rxjs/src/internal/Subject.ts:60:5)
	    at BehaviorSubject.next (node_modules/rxjs/src/internal/BehaviorSubject.ts:35:11)
	    at src/app/services/notification.service.ts:138:34
	    at timer (node_modules/zone.js/fesm2015/zone.js:1809:37)
	TypeError: Cannot read properties of undefined (reading 'position')
	    at Object.next (src/app/services/notification.service.spec.ts:62:29)
	    at ConsumerObserver.next (node_modules/rxjs/src/internal/Subscriber.ts:155:25)
	    at SafeSubscriber._next (node_modules/rxjs/src/internal/Subscriber.ts:113:22)
	    at SafeSubscriber.next (node_modules/rxjs/src/internal/Subscriber.ts:71:12)
	    at node_modules/rxjs/src/internal/Subject.ts:67:20
	    at errorContext (node_modules/rxjs/src/internal/util/errorContext.ts:29:5)
	    at BehaviorSubject.next (node_modules/rxjs/src/internal/Subject.ts:60:5)
	    at BehaviorSubject.next (node_modules/rxjs/src/internal/BehaviorSubject.ts:35:11)
	    at src/app/services/notification.service.ts:138:34
	    at timer (node_modules/zone.js/fesm2015/zone.js:1809:37)
	TypeError: Cannot read properties of undefined (reading 'visible')
	    at Object.next (src/app/services/notification.service.spec.ts:287:33)
	    at ConsumerObserver.next (node_modules/rxjs/src/internal/Subscriber.ts:155:25)
	    at SafeSubscriber._next (node_modules/rxjs/src/internal/Subscriber.ts:113:22)
	    at SafeSubscriber.next (node_modules/rxjs/src/internal/Subscriber.ts:71:12)
	    at node_modules/rxjs/src/internal/Subject.ts:67:20
	    at errorContext (node_modules/rxjs/src/internal/util/errorContext.ts:29:5)
	    at BehaviorSubject.next (node_modules/rxjs/src/internal/Subject.ts:60:5)
	    at BehaviorSubject.next (node_modules/rxjs/src/internal/BehaviorSubject.ts:35:11)
	    at src/app/services/notification.service.ts:138:34
	    at timer (node_modules/zone.js/fesm2015/zone.js:1809:37)
Chrome Headless 143.0.0.0 (Windows 10): Executed 254 of 556[31m (3 FAILED)[39m (0 secs / 5.681 secs)
[1A[2KChrome Headless 143.0.0.0 (Windows 10): Executed 255 of 556[31m (3 FAILED)[39m (0 secs / 5.685 secs)
[1A[2K[31mChrome Headless 143.0.0.0 (Windows 10) ERROR[39m
  An error was thrown in afterAll
  Expected 0 to be 1.
      at <Jasmine>
      at Object.next (src/app/services/notification.service.spec.ts:43:38)
      at ConsumerObserver.next (node_modules/rxjs/src/internal/Subscriber.ts:155:25)
      at SafeSubscriber._next (node_modules/rxjs/src/internal/Subscriber.ts:113:22)
      at SafeSubscriber.next (node_modules/rxjs/src/internal/Subscriber.ts:71:12)
  TypeError: Cannot read properties of undefined (reading 'title')
      at Object.next (src/app/services/notification.service.spec.ts:146:33)
      at ConsumerObserver.next (node_modules/rxjs/src/internal/Subscriber.ts:155:25)
      at SafeSubscriber._next (node_modules/rxjs/src/internal/Subscriber.ts:113:22)
      at SafeSubscriber.next (node_modules/rxjs/src/internal/Subscriber.ts:71:12)
      at node_modules/rxjs/src/internal/Subject.ts:67:20
      at errorContext (node_modules/rxjs/src/internal/util/errorContext.ts:29:5)
      at BehaviorSubject.next (node_modules/rxjs/src/internal/Subject.ts:60:5)
      at BehaviorSubject.next (node_modules/rxjs/src/internal/BehaviorSubject.ts:35:11)
      at src/app/services/notification.service.ts:138:34
      at timer (node_modules/zone.js/fesm2015/zone.js:1809:37)
  TypeError: Cannot read properties of undefined (reading 'type')
      at Object.next (src/app/services/notification.service.spec.ts:106:33)
      at ConsumerObserver.next (node_modules/rxjs/src/internal/Subscriber.ts:155:25)
      at SafeSubscriber._next (node_modules/rxjs/src/internal/Subscriber.ts:113:22)
      at SafeSubscriber.next (node_modules/rxjs/src/internal/Subscriber.ts:71:12)
      at node_modules/rxjs/src/internal/Subject.ts:67:20
      at errorContext (node_modules/rxjs/src/internal/util/errorContext.ts:29:5)
      at BehaviorSubject.next (node_modules/rxjs/src/internal/Subject.ts:60:5)
      at BehaviorSubject.next (node_modules/rxjs/src/internal/BehaviorSubject.ts:35:11)
      at src/app/services/notification.service.ts:138:34
      at timer (node_modules/zone.js/fesm2015/zone.js:1809:37)
Chrome Headless 143.0.0.0 (Windows 10): Executed 255 of 556[31m (3 FAILED)[39m[31m ERROR[39m (0 secs / 5.685 secs)
Chrome Headless 143.0.0.0 (Windows 10) ERROR
  An error was thrown in afterAll
  Expected 0 to be 1.
      at <Jasmine>
      at Object.next (src/app/services/notification.service.spec.ts:43:38)
      at ConsumerObserver.next (node_modules/rxjs/src/internal/Subscriber.ts:155:25)
      at SafeSubscriber._next (node_modules/rxjs/src/internal/Subscriber.ts:113:22)
      at SafeSubscriber.next (node_modules/rxjs/src/internal/Subscriber.ts:71:12)
  TypeError: Cannot read properties of undefined (reading 'title')
      at Object.next (src/app/services/notification.service.spec.ts:146:33)
      at ConsumerObserver.next (node_modules/rxjs/src/internal/Subscriber.ts:155:25)
      at SafeSubscriber._next (node_modules/rxjs/src/internal/Subscriber.ts:113:22)
      at SafeSubscriber.next (node_modules/rxjs/src/internal/Subscriber.ts:71:12)
      at node_modules/rxjs/src/internal/Subject.ts:67:20
      at errorContext (node_modules/rxjs/src/internal/util/errorContext.ts:29:5)
      at BehaviorSubject.next (node_modules/rxjs/src/internal/Subject.ts:60:5)
      at BehaviorSubject.next (node_modules/rxjs/src/internal/BehaviorSubject.ts:35:11)
      at src/app/services/notification.service.ts:138:34
      at timer (node_modules/zone.js/fesm2015/zone.js:1809:37)
  TypeError: Cannot read properties of undefined (reading 'type')
      at Object.next (src/app/services/notification.service.spec.ts:106:33)
      at ConsumerObserver.next (node_modules/rxjs/src/internal/Subscriber.ts:155:25)
      at SafeSubscriber._next (node_modules/rxjs/src/internal/Subscriber.ts:113:22)
      at SafeSubscriber.next (node_modules/rxjs/src/internal/Subscriber.ts:71:12)
      at node_modules/rxjs/src/internal/Subject.ts:67:20
      at errorContext (node_modules/rxjs/src/internal/util/errorContext.ts:29:5)
      at BehaviorSubject.next (node_modules/rxjs/src/internal/Subject.ts:60:5)
      at BehaviorSubject.next (node_modules/rxjs/src/internal/BehaviorSubject.ts:35:11)
      at src/app/services/notification.service.ts:138:34
      at timer (node_modules/zone.js/fesm2015/zone.js:1809:37)
[1A[2KChrome Headless 143.0.0.0 (Windows 10): Executed 255 of 556[31m (3 FAILED)[39m[31m ERROR[39m (5.816 secs / 5.685 secs)

=============================== Coverage summary ===============================
Statements   : Unknown% ( 0/0 )
Branches     : Unknown% ( 0/0 )
Functions    : Unknown% ( 0/0 )
Lines        : Unknown% ( 0/0 )
================================================================================
[1A[2K[31mChrome Headless 143.0.0.0 (Windows 10) ERROR[39m
  Disconnected , because no message in 30000 ms.
Chrome Headless 143.0.0.0 (Windows 10): Executed 255 of 556[31m (3 FAILED)[39m[31m DISCONNECTED[39m (35.826 secs / 5.685 secs)
Chrome Headless 143.0.0.0 (Windows 10) ERROR
  Disconnected , because no message in 30000 ms.
[1A[2KChrome Headless 143.0.0.0 (Windows 10): Executed 255 of 556[31m (3 FAILED)[39m[31m DISCONNECTED[39m (35.826 secs / 5.685 secs)

=============================== Coverage summary ===============================
Statements   : Unknown% ( 0/0 )
Branches     : Unknown% ( 0/0 )
Functions    : Unknown% ( 0/0 )
Lines        : Unknown% ( 0/0 )
================================================================================
